Archive member included to satisfy reference by file (symbol)

C:/ST/STM32CubeIDE_1.14.0/STM32CubeIDE/plugins/com.st.stm32cube.ide.mcu.externaltools.gnu-tools-for-stm32.11.3.rel1.win32_1.1.100.202309141235/tools/bin/../lib/gcc/arm-none-eabi/11.3.1/../../../../arm-none-eabi/lib/thumb/v7e-m+fp/hard\libc_nano.a(libc_a-exit.o)
                              C:/ST/STM32CubeIDE_1.14.0/STM32CubeIDE/plugins/com.st.stm32cube.ide.mcu.externaltools.gnu-tools-for-stm32.11.3.rel1.win32_1.1.100.202309141235/tools/bin/../lib/gcc/arm-none-eabi/11.3.1/../../../../arm-none-eabi/lib/thumb/v7e-m+fp/hard/crt0.o (exit)
C:/ST/STM32CubeIDE_1.14.0/STM32CubeIDE/plugins/com.st.stm32cube.ide.mcu.externaltools.gnu-tools-for-stm32.11.3.rel1.win32_1.1.100.202309141235/tools/bin/../lib/gcc/arm-none-eabi/11.3.1/../../../../arm-none-eabi/lib/thumb/v7e-m+fp/hard\libc_nano.a(libc_a-findfp.o)
                              C:/ST/STM32CubeIDE_1.14.0/STM32CubeIDE/plugins/com.st.stm32cube.ide.mcu.externaltools.gnu-tools-for-stm32.11.3.rel1.win32_1.1.100.202309141235/tools/bin/../lib/gcc/arm-none-eabi/11.3.1/../../../../arm-none-eabi/lib/thumb/v7e-m+fp/hard\libc_nano.a(libc_a-exit.o) (__stdio_exit_handler)
C:/ST/STM32CubeIDE_1.14.0/STM32CubeIDE/plugins/com.st.stm32cube.ide.mcu.externaltools.gnu-tools-for-stm32.11.3.rel1.win32_1.1.100.202309141235/tools/bin/../lib/gcc/arm-none-eabi/11.3.1/../../../../arm-none-eabi/lib/thumb/v7e-m+fp/hard\libc_nano.a(libc_a-fwalk.o)
                              C:/ST/STM32CubeIDE_1.14.0/STM32CubeIDE/plugins/com.st.stm32cube.ide.mcu.externaltools.gnu-tools-for-stm32.11.3.rel1.win32_1.1.100.202309141235/tools/bin/../lib/gcc/arm-none-eabi/11.3.1/../../../../arm-none-eabi/lib/thumb/v7e-m+fp/hard\libc_nano.a(libc_a-findfp.o) (_fwalk_sglue)
C:/ST/STM32CubeIDE_1.14.0/STM32CubeIDE/plugins/com.st.stm32cube.ide.mcu.externaltools.gnu-tools-for-stm32.11.3.rel1.win32_1.1.100.202309141235/tools/bin/../lib/gcc/arm-none-eabi/11.3.1/../../../../arm-none-eabi/lib/thumb/v7e-m+fp/hard\libc_nano.a(libc_a-stdio.o)
                              C:/ST/STM32CubeIDE_1.14.0/STM32CubeIDE/plugins/com.st.stm32cube.ide.mcu.externaltools.gnu-tools-for-stm32.11.3.rel1.win32_1.1.100.202309141235/tools/bin/../lib/gcc/arm-none-eabi/11.3.1/../../../../arm-none-eabi/lib/thumb/v7e-m+fp/hard\libc_nano.a(libc_a-findfp.o) (__sread)
C:/ST/STM32CubeIDE_1.14.0/STM32CubeIDE/plugins/com.st.stm32cube.ide.mcu.externaltools.gnu-tools-for-stm32.11.3.rel1.win32_1.1.100.202309141235/tools/bin/../lib/gcc/arm-none-eabi/11.3.1/../../../../arm-none-eabi/lib/thumb/v7e-m+fp/hard\libc_nano.a(libc_a-memset.o)
                              C:/ST/STM32CubeIDE_1.14.0/STM32CubeIDE/plugins/com.st.stm32cube.ide.mcu.externaltools.gnu-tools-for-stm32.11.3.rel1.win32_1.1.100.202309141235/tools/bin/../lib/gcc/arm-none-eabi/11.3.1/../../../../arm-none-eabi/lib/thumb/v7e-m+fp/hard/crt0.o (memset)
C:/ST/STM32CubeIDE_1.14.0/STM32CubeIDE/plugins/com.st.stm32cube.ide.mcu.externaltools.gnu-tools-for-stm32.11.3.rel1.win32_1.1.100.202309141235/tools/bin/../lib/gcc/arm-none-eabi/11.3.1/../../../../arm-none-eabi/lib/thumb/v7e-m+fp/hard\libc_nano.a(libc_a-closer.o)
                              C:/ST/STM32CubeIDE_1.14.0/STM32CubeIDE/plugins/com.st.stm32cube.ide.mcu.externaltools.gnu-tools-for-stm32.11.3.rel1.win32_1.1.100.202309141235/tools/bin/../lib/gcc/arm-none-eabi/11.3.1/../../../../arm-none-eabi/lib/thumb/v7e-m+fp/hard\libc_nano.a(libc_a-stdio.o) (_close_r)
C:/ST/STM32CubeIDE_1.14.0/STM32CubeIDE/plugins/com.st.stm32cube.ide.mcu.externaltools.gnu-tools-for-stm32.11.3.rel1.win32_1.1.100.202309141235/tools/bin/../lib/gcc/arm-none-eabi/11.3.1/../../../../arm-none-eabi/lib/thumb/v7e-m+fp/hard\libc_nano.a(libc_a-reent.o)
                              C:/ST/STM32CubeIDE_1.14.0/STM32CubeIDE/plugins/com.st.stm32cube.ide.mcu.externaltools.gnu-tools-for-stm32.11.3.rel1.win32_1.1.100.202309141235/tools/bin/../lib/gcc/arm-none-eabi/11.3.1/../../../../arm-none-eabi/lib/thumb/v7e-m+fp/hard\libc_nano.a(libc_a-closer.o) (errno)
C:/ST/STM32CubeIDE_1.14.0/STM32CubeIDE/plugins/com.st.stm32cube.ide.mcu.externaltools.gnu-tools-for-stm32.11.3.rel1.win32_1.1.100.202309141235/tools/bin/../lib/gcc/arm-none-eabi/11.3.1/../../../../arm-none-eabi/lib/thumb/v7e-m+fp/hard\libc_nano.a(libc_a-impure.o)
                              C:/ST/STM32CubeIDE_1.14.0/STM32CubeIDE/plugins/com.st.stm32cube.ide.mcu.externaltools.gnu-tools-for-stm32.11.3.rel1.win32_1.1.100.202309141235/tools/bin/../lib/gcc/arm-none-eabi/11.3.1/../../../../arm-none-eabi/lib/thumb/v7e-m+fp/hard\libc_nano.a(libc_a-reent.o) (_impure_ptr)
C:/ST/STM32CubeIDE_1.14.0/STM32CubeIDE/plugins/com.st.stm32cube.ide.mcu.externaltools.gnu-tools-for-stm32.11.3.rel1.win32_1.1.100.202309141235/tools/bin/../lib/gcc/arm-none-eabi/11.3.1/../../../../arm-none-eabi/lib/thumb/v7e-m+fp/hard\libc_nano.a(libc_a-lseekr.o)
[...]
Memory Configuration

Name             Origin             Length             Attributes
CCMRAM           0x0000000010000000 0x0000000000010000 xrw
RAM              0x0000000020000000 0x0000000000030000 xrw
FLASH            0x0000000008000000 0x0000000000200000 xr
*default*        0x0000000000000000 0xffffffffffffffff

Linker script and memory map

LOAD C:/ST/STM32CubeIDE_1.14.0/STM32CubeIDE/plugins/com.st.stm32cube.ide.mcu.externaltools.gnu-tools-for-stm32.11.3.rel1.win32_1.1.100.202309141235/tools/bin/../lib/gcc/arm-none-eabi/11.3.1/thumb/v7e-m+fp/hard/crti.o
LOAD C:/ST/STM32CubeIDE_1.14.0/STM32CubeIDE/plugins/com.st.stm32cube.ide.mcu.externaltools.gnu-tools-for-stm32.11.3.rel1.win32_1.1.100.202309141235/tools/bin/../lib/gcc/arm-none-eabi/11.3.1/thumb/v7e-m+fp/hard/crtbegin.o
LOAD C:/ST/STM32CubeIDE_1.14.0/STM32CubeIDE/plugins/com.st.stm32cube.ide.mcu.externaltools.gnu-tools-for-stm32.11.3.rel1.win32_1.1.100.202309141235/tools/bin/../lib/gcc/arm-none-eabi/11.3.1/../../../../arm-none-eabi/lib/thumb/v7e-m+fp/hard/crt0.o
LOAD ./Core/Src/main.o
LOAD ./Core/Src/stm32f4xx_hal_msp.o
LOAD ./Core/Src/stm32f4xx_it.o
LOAD ./Core/Src/syscalls.o
LOAD ./Core/Src/sysmem.o
LOAD ./Core/Src/system_stm32f4xx.o
LOAD ./Core/Startup/startup_stm32f439zitx.o
LOAD ./Drivers/STM32F4xx_HAL_Driver/Src/stm32f4xx_hal.o
LOAD ./Drivers/STM32F4xx_HAL_Driver/Src/stm32f4xx_hal_adc.o
LOAD ./Drivers/STM32F4xx_HAL_Driver/Src/stm32f4xx_hal_adc_ex.o
LOAD ./Drivers/STM32F4xx_HAL_Driver/Src/stm32f4xx_hal_cortex.o
LOAD ./Drivers/STM32F4xx_HAL_Driver/Src/stm32f4xx_hal_dma.o
LOAD ./Drivers/STM32F4xx_HAL_Driver/Src/stm32f4xx_hal_dma_ex.o
LOAD ./Drivers/STM32F4xx_HAL_Driver/Src/stm32f4xx_hal_eth.o
LOAD ./Drivers/STM32F4xx_HAL_Driver/Src/stm32f4xx_hal_exti.o
LOAD ./Drivers/STM32F4xx_HAL_Driver/Src/stm32f4xx_hal_flash.o
LOAD ./Drivers/STM32F4xx_HAL_Driver/Src/stm32f4xx_hal_flash_ex.o
LOAD ./Drivers/STM32F4xx_HAL_Driver/Src/stm32f4xx_hal_flash_ramfunc.o
LOAD ./Drivers/STM32F4xx_HAL_Driver/Src/stm32f4xx_hal_gpio.o
LOAD ./Drivers/STM32F4xx_HAL_Driver/Src/stm32f4xx_hal_pcd.o
LOAD ./Drivers/STM32F4xx_HAL_Driver/Src/stm32f4xx_hal_pcd_ex.o
LOAD ./Drivers/STM32F4xx_HAL_Driver/Src/stm32f4xx_hal_pwr.o
LOAD ./Drivers/STM32F4xx_HAL_Driver/Src/stm32f4xx_hal_pwr_ex.o
LOAD ./Drivers/STM32F4xx_HAL_Driver/Src/stm32f4xx_hal_rcc.o
LOAD ./Drivers/STM32F4xx_HAL_Driver/Src/stm32f4xx_hal_rcc_ex.o
LOAD ./Drivers/STM32F4xx_HAL_Driver/Src/stm32f4xx_hal_tim.o
LOAD ./Drivers/STM32F4xx_HAL_Driver/Src/stm32f4xx_hal_tim_ex.o
LOAD ./Drivers/STM32F4xx_HAL_Driver/Src/stm32f4xx_hal_uart.o
LOAD ./Drivers/STM32F4xx_HAL_Driver/Src/stm32f4xx_ll_adc.o
LOAD ./Drivers/STM32F4xx_HAL_Driver/Src/stm32f4xx_ll_usb.o
START GROUP
LOAD C:/ST/STM32CubeIDE_1.14.0/STM32CubeIDE/plugins/com.st.stm32cube.ide.mcu.externaltools.gnu-tools-for-stm32.11.3.rel1.win32_1.1.100.202309141235/tools/bin/../lib/gcc/arm-none-eabi/11.3.1/../../../../arm-none-eabi/lib/thumb/v7e-m+fp/hard\libc_nano.a
LOAD C:/ST/STM32CubeIDE_1.14.0/STM32CubeIDE/plugins/com.st.stm32cube.ide.mcu.externaltools.gnu-tools-for-stm32.11.3.rel1.win32_1.1.100.202309141235/tools/bin/../lib/gcc/arm-none-eabi/11.3.1/../../../../arm-none-eabi/lib/thumb/v7e-m+fp/hard\libm.a
END GROUP
START GROUP
LOAD C:/ST/STM32CubeIDE_1.14.0/STM32CubeIDE/plugins/com.st.stm32cube.ide.mcu.externaltools.gnu-tools-for-stm32.11.3.rel1.win32_1.1.100.202309141235/tools/bin/../lib/gcc/arm-none-eabi/11.3.1/thumb/v7e-m+fp/hard\libgcc.a
LOAD C:/ST/STM32CubeIDE_1.14.0/STM32CubeIDE/plugins/com.st.stm32cube.ide.mcu.externaltools.gnu-tools-for-stm32.11.3.rel1.win32_1.1.100.202309141235/tools/bin/../lib/gcc/arm-none-eabi/11.3.1/../../../../arm-none-eabi/lib/thumb/v7e-m+fp/hard\libc_nano.a
END GROUP
START GROUP
LOAD C:/ST/STM32CubeIDE_1.14.0/STM32CubeIDE/plugins/com.st.stm32cube.ide.mcu.externaltools.gnu-tools-for-stm32.11.3.rel1.win32_1.1.100.202309141235/tools/bin/../lib/gcc/arm-none-eabi/11.3.1/thumb/v7e-m+fp/hard\libgcc.a
LOAD C:/ST/STM32CubeIDE_1.14.0/STM32CubeIDE/plugins/com.st.stm32cube.ide.mcu.externaltools.gnu-tools-for-stm32.11.3.rel1.win32_1.1.100.202309141235/tools/bin/../lib/gcc/arm-none-eabi/11.3.1/../../../../arm-none-eabi/lib/thumb/v7e-m+fp/hard\libc_nano.a
LOAD C:/ST/STM32CubeIDE_1.14.0/STM32CubeIDE/plugins/com.st.stm32cube.ide.mcu.externaltools.gnu-tools-for-stm32.11.3.rel1.win32_1.1.100.202309141235/tools/bin/../lib/gcc/arm-none-eabi/11.3.1/../../../../arm-none-eabi/lib/thumb/v7e-m+fp/hard\libnosys.a
END GROUP
START GROUP
LOAD C:/ST/STM32CubeIDE_1.14.0/STM32CubeIDE/plugins/com.st.stm32cube.ide.mcu.externaltools.gnu-tools-for-stm32.11.3.rel1.win32_1.1.100.202309141235/tools/bin/../lib/gcc/arm-none-eabi/11.3.1/thumb/v7e-m+fp/hard\libgcc.a
LOAD C:/ST/STM32CubeIDE_1.14.0/STM32CubeIDE/plugins/com.st.stm32cube.ide.mcu.externaltools.gnu-tools-for-stm32.11.3.rel1.win32_1.1.100.202309141235/tools/bin/../lib/gcc/arm-none-eabi/11.3.1/../../../../arm-none-eabi/lib/thumb/v7e-m+fp/hard\libc_nano.a
LOAD C:/ST/STM32CubeIDE_1.14.0/STM32CubeIDE/plugins/com.st.stm32cube.ide.mcu.externaltools.gnu-tools-for-stm32.11.3.rel1.win32_1.1.100.202309141235/tools/bin/../lib/gcc/arm-none-eabi/11.3.1/../../../../arm-none-eabi/lib/thumb/v7e-m+fp/hard\libnosys.a
END GROUP
LOAD C:/ST/STM32CubeIDE_1.14.0/STM32CubeIDE/plugins/com.st.stm32cube.ide.mcu.externaltools.gnu-tools-for-stm32.11.3.rel1.win32_1.1.100.202309141235/tools/bin/../lib/gcc/arm-none-eabi/11.3.1/thumb/v7e-m+fp/hard/crtend.o
LOAD C:/ST/STM32CubeIDE_1.14.0/STM32CubeIDE/plugins/com.st.stm32cube.ide.mcu.externaltools.gnu-tools-for-stm32.11.3.rel1.win32_1.1.100.202309141235/tools/bin/../lib/gcc/arm-none-eabi/11.3.1/thumb/v7e-m+fp/hard/crtn.o
                0x0000000020030000                _estack = (ORIGIN (RAM) + LENGTH (RAM))
                0x0000000000000200                _Min_Heap_Size = 0x200
                0x0000000000000400                _Min_Stack_Size = 0x400

.isr_vector     0x0000000008000000      0x1ac
                0x0000000008000000                . = ALIGN (0x4)
 *(.isr_vector)
 .isr_vector    0x0000000008000000      0x1ac ./Core/Startup/startup_stm32f439zitx.o
                0x0000000008000000                g_pfnVectors
                0x00000000080001ac                . = ALIGN (0x4)

.text           0x00000000080001b0     0x4100
                0x00000000080001b0                . = ALIGN (0x4)
 *(.text)
 .text          0x00000000080001b0       0x40 C:/ST/STM32CubeIDE_1.14.0/STM32CubeIDE/plugins/com.st.stm32cube.ide.mcu.externaltools.gnu-tools-for-stm32.11.3.rel1.win32_1.1.100.202309141235/tools/bin/../lib/gcc/arm-none-eabi/11.3.1/thumb/v7e-m+fp/hard/crtbegin.o
 .text          0x00000000080001f0      0x378 C:/ST/STM32CubeIDE_1.14.0/STM32CubeIDE/plugins/com.st.stm32cube.ide.mcu.externaltools.gnu-tools-for-stm32.11.3.rel1.win32_1.1.100.202309141235/tools/bin/../lib/gcc/arm-none-eabi/11.3.1/thumb/v7e-m+fp/hard\libgcc.a(_arm_addsubdf3.o)
                0x00000000080001f0                __aeabi_drsub
                0x00000000080001f8                __aeabi_dsub
                0x00000000080001f8                __subdf3
                0x00000000080001fc                __aeabi_dadd
                0x00000000080001fc                __adddf3
                0x0000000008000474                __floatunsidf
                0x0000000008000474                __aeabi_ui2d
                0x0000000008000494                __floatsidf
                0x0000000008000494                __aeabi_i2d
                0x00000000080004b8                __aeabi_f2d
                0x00000000080004b8                __extendsfdf2
                0x00000000080004fc                __floatundidf
                0x00000000080004fc                __aeabi_ul2d
                0x000000000800050c                __floatdidf
                0x000000000800050c                __aeabi_l2d
 .text          0x0000000008000568      0x424 C:/ST/STM32CubeIDE_1.14.0/STM32CubeIDE/plugins/com.st.stm32cube.ide.mcu.externaltools.gnu-tools-for-stm32.11.3.rel1.win32_1.1.100.202309141235/tools/bin/../lib/gcc/arm-none-eabi/11.3.1/thumb/v7e-m+fp/hard\libgcc.a(_arm_muldivdf3.o)
                0x0000000008000568                __aeabi_dmul
                0x0000000008000568                __muldf3
                0x00000000080007bc                __divdf3
                0x00000000080007bc                __aeabi_ddiv
 .text          0x000000000800098c       0xa0 C:/ST/STM32CubeIDE_1.14.0/STM32CubeIDE/plugins/com.st.stm32cube.ide.mcu.externaltools.gnu-tools-for-stm32.11.3.rel1.win32_1.1.100.202309141235/tools/bin/../lib/gcc/arm-none-eabi/11.3.1/thumb/v7e-m+fp/hard\libgcc.a(_arm_truncdfsf2.o)
                0x000000000800098c                __truncdfsf2
                0x000000000800098c                __aeabi_d2f
 .text          0x0000000008000a2c       0x30 C:/ST/STM32CubeIDE_1.14.0/STM32CubeIDE/plugins/com.st.stm32cube.ide.mcu.externaltools.gnu-tools-for-stm32.11.3.rel1.win32_1.1.100.202309141235/tools/bin/../lib/gcc/arm-none-eabi/11.3.1/thumb/v7e-m+fp/hard\libgcc.a(_aeabi_uldivmod.o)
                0x0000000008000a2c                __aeabi_uldivmod
 .text          0x0000000008000a5c      0x2c8 C:/ST/STM32CubeIDE_1.14.0/STM32CubeIDE/plugins/com.st.stm32cube.ide.mcu.externaltools.gnu-tools-for-stm32.11.3.rel1.win32_1.1.100.202309141235/tools/bin/../lib/gcc/arm-none-eabi/11.3.1/thumb/v7e-m+fp/hard\libgcc.a(_udivmoddi4.o)
                0x0000000008000a5c                __udivmoddi4
 .text          0x0000000008000d24        0x4 C:/ST/STM32CubeIDE_1.14.0/STM32CubeIDE/plugins/com.st.stm32cube.ide.mcu.externaltools.gnu-tools-for-stm32.11.3.rel1.win32_1.1.100.202309141235/tools/bin/../lib/gcc/arm-none-eabi/11.3.1/thumb/v7e-m+fp/hard\libgcc.a(_dvmd_tls.o)
                0x0000000008000d24                __aeabi_idiv0
                0x0000000008000d24                __aeabi_ldiv0
 *(.text*)
 .text.Read_Voltage
                0x0000000008000d28       0xcc ./Core/Src/main.o
                0x0000000008000d28                Read_Voltage
 .text.main     0x0000000008000df4       0x30 ./Core/Src/main.o
                0x0000000008000df4                main
 .text.SystemClock_Config
                0x0000000008000e24       0xd4 ./Core/Src/main.o
                0x0000000008000e24                SystemClock_Config
 .text.MX_ADC1_Init
                0x0000000008000ef8       0xc0 ./Core/Src/main.o
 .text.MX_ETH_Init
                0x0000000008000fb8       0x9c ./Core/Src/main.o
 .text.MX_USART3_UART_Init
                0x0000000008001054       0x54 ./Core/Src/main.o
 .text.MX_USB_OTG_FS_PCD_Init
                0x00000000080010a8       0x5c ./Core/Src/main.o
 .text.MX_GPIO_Init
                0x0000000008001104      0x15c ./Core/Src/main.o
 .text.Error_Handler
                0x0000000008001260        0xa ./Core/Src/main.o
                0x0000000008001260                Error_Handler
 *fill*         0x000000000800126a        0x2 
 .text.HAL_MspInit
                0x000000000800126c       0x50 ./Core/Src/stm32f4xx_hal_msp.o
                0x000000000800126c                HAL_MspInit
 .text.HAL_ADC_MspInit
                0x00000000080012bc       0x88 ./Core/Src/stm32f4xx_hal_msp.o
                0x00000000080012bc                HAL_ADC_MspInit
 .text.HAL_ETH_MspInit
                0x0000000008001344      0x18c ./Core/Src/stm32f4xx_hal_msp.o
                0x0000000008001344                HAL_ETH_MspInit
 .text.HAL_UART_MspInit
                0x00000000080014d0       0x90 ./Core/Src/stm32f4xx_hal_msp.o
                0x00000000080014d0                HAL_UART_MspInit
 .text.HAL_PCD_MspInit
                0x0000000008001560       0xb4 ./Core/Src/stm32f4xx_hal_msp.o
                0x0000000008001560                HAL_PCD_MspInit
 .text.NMI_Handler
                0x0000000008001614        0x6 ./Core/Src/stm32f4xx_it.o
                0x0000000008001614                NMI_Handler
 .text.HardFault_Handler
                0x000000000800161a        0x6 ./Core/Src/stm32f4xx_it.o
                0x000000000800161a                HardFault_Handler
 .text.MemManage_Handler
                0x0000000008001620        0x6 ./Core/Src/stm32f4xx_it.o
                0x0000000008001620                MemManage_Handler
 .text.BusFault_Handler
                0x0000000008001626        0x6 ./Core/Src/stm32f4xx_it.o
                0x0000000008001626                BusFault_Handler
 .text.UsageFault_Handler
                0x000000000800162c        0x6 ./Core/Src/stm32f4xx_it.o
                0x000000000800162c                UsageFault_Handler
 .text.SVC_Handler
                0x0000000008001632        0xe ./Core/Src/stm32f4xx_it.o
                0x0000000008001632                SVC_Handler
 .text.DebugMon_Handler
                0x0000000008001640        0xe ./Core/Src/stm32f4xx_it.o
                0x0000000008001640                DebugMon_Handler
 .text.PendSV_Handler
                0x000000000800164e        0xe ./Core/Src/stm32f4xx_it.o
                0x000000000800164e                PendSV_Handler
 .text.SysTick_Handler
                0x000000000800165c        0xc ./Core/Src/stm32f4xx_it.o
                0x000000000800165c                SysTick_Handler
 .text.SystemInit
                0x0000000008001668       0x24 ./Core/Src/system_stm32f4xx.o
                0x0000000008001668                SystemInit
 .text.Reset_Handler
                0x000000000800168c       0x50 ./Core/Startup/startup_stm32f439zitx.o
                0x000000000800168c                Reset_Handler
 .text.Default_Handler
                0x00000000080016dc        0x2 ./Core/Startup/startup_stm32f439zitx.o
                0x00000000080016dc                RTC_Alarm_IRQHandler
                0x00000000080016dc                HASH_RNG_IRQHandler
                0x00000000080016dc                EXTI2_IRQHandler
                0x00000000080016dc                TIM8_CC_IRQHandler
                0x00000000080016dc                UART8_IRQHandler
                0x00000000080016dc                SPI4_IRQHandler
                0x00000000080016dc                TIM1_CC_IRQHandler
                0x00000000080016dc                DMA2_Stream5_IRQHandler
                0x00000000080016dc                DMA1_Stream5_IRQHandler
                0x00000000080016dc                PVD_IRQHandler
                0x00000000080016dc                SDIO_IRQHandler
                0x00000000080016dc                TAMP_STAMP_IRQHandler
                0x00000000080016dc                CAN2_RX1_IRQHandler
                0x00000000080016dc                EXTI3_IRQHandler
                0x00000000080016dc                TIM8_TRG_COM_TIM14_IRQHandler
                0x00000000080016dc                TIM1_UP_TIM10_IRQHandler
                0x00000000080016dc                TIM8_UP_TIM13_IRQHandler
                0x00000000080016dc                I2C3_ER_IRQHandler
                0x00000000080016dc                EXTI0_IRQHandler
                0x00000000080016dc                I2C2_EV_IRQHandler
                0x00000000080016dc                DMA1_Stream2_IRQHandler
                0x00000000080016dc                CAN1_RX0_IRQHandler
                0x00000000080016dc                FPU_IRQHandler
                0x00000000080016dc                OTG_HS_WKUP_IRQHandler
                0x00000000080016dc                LTDC_ER_IRQHandler
                0x00000000080016dc                CAN2_SCE_IRQHandler
                0x00000000080016dc                DMA2_Stream2_IRQHandler
                0x00000000080016dc                SPI1_IRQHandler
                0x00000000080016dc                TIM6_DAC_IRQHandler
                0x00000000080016dc                TIM1_BRK_TIM9_IRQHandler
                0x00000000080016dc                DCMI_IRQHandler
                0x00000000080016dc                CAN2_RX0_IRQHandler
                0x00000000080016dc                DMA2_Stream3_IRQHandler
                0x00000000080016dc                USART6_IRQHandler
                0x00000000080016dc                USART3_IRQHandler
                0x00000000080016dc                CRYP_IRQHandler
                0x00000000080016dc                CAN1_RX1_IRQHandler
                0x00000000080016dc                UART5_IRQHandler
                0x00000000080016dc                DMA2_Stream0_IRQHandler
                0x00000000080016dc                TIM4_IRQHandler
                0x00000000080016dc                I2C1_EV_IRQHandler
                0x00000000080016dc                DMA1_Stream6_IRQHandler
                0x00000000080016dc                DMA1_Stream1_IRQHandler
                0x00000000080016dc                UART4_IRQHandler
                0x00000000080016dc                TIM3_IRQHandler
                0x00000000080016dc                RCC_IRQHandler
                0x00000000080016dc                TIM8_BRK_TIM12_IRQHandler
                0x00000000080016dc                Default_Handler
                0x00000000080016dc                EXTI15_10_IRQHandler
                0x00000000080016dc                ADC_IRQHandler
                0x00000000080016dc                DMA1_Stream7_IRQHandler
                0x00000000080016dc                SPI5_IRQHandler
                0x00000000080016dc                TIM7_IRQHandler
                0x00000000080016dc                CAN2_TX_IRQHandler
                0x00000000080016dc                TIM5_IRQHandler
                0x00000000080016dc                DMA2_Stream7_IRQHandler
                0x00000000080016dc                I2C3_EV_IRQHandler
                0x00000000080016dc                EXTI9_5_IRQHandler
                0x00000000080016dc                RTC_WKUP_IRQHandler
                0x00000000080016dc                LTDC_IRQHandler
                0x00000000080016dc                ETH_WKUP_IRQHandler
                0x00000000080016dc                SPI2_IRQHandler
                0x00000000080016dc                OTG_HS_EP1_IN_IRQHandler
                0x00000000080016dc                DMA1_Stream0_IRQHandler
                0x00000000080016dc                CAN1_TX_IRQHandler
                0x00000000080016dc                EXTI4_IRQHandler
                0x00000000080016dc                ETH_IRQHandler
                0x00000000080016dc                OTG_HS_EP1_OUT_IRQHandler
                0x00000000080016dc                WWDG_IRQHandler
                0x00000000080016dc                SPI6_IRQHandler
                0x00000000080016dc                TIM2_IRQHandler
                0x00000000080016dc                OTG_FS_WKUP_IRQHandler
                0x00000000080016dc                TIM1_TRG_COM_TIM11_IRQHandler
                0x00000000080016dc                OTG_HS_IRQHandler
                0x00000000080016dc                DMA2D_IRQHandler
                0x00000000080016dc                EXTI1_IRQHandler
                0x00000000080016dc                UART7_IRQHandler
                0x00000000080016dc                USART2_IRQHandler
                0x00000000080016dc                I2C2_ER_IRQHandler
                0x00000000080016dc                DMA2_Stream1_IRQHandler
                0x00000000080016dc                CAN1_SCE_IRQHandler
                0x00000000080016dc                FLASH_IRQHandler
                0x00000000080016dc                DMA2_Stream4_IRQHandler
                0x00000000080016dc                USART1_IRQHandler
                0x00000000080016dc                OTG_FS_IRQHandler
                0x00000000080016dc                SPI3_IRQHandler
                0x00000000080016dc                DMA1_Stream4_IRQHandler
                0x00000000080016dc                I2C1_ER_IRQHandler
                0x00000000080016dc                FMC_IRQHandler
                0x00000000080016dc                DMA2_Stream6_IRQHandler
                0x00000000080016dc                SAI1_IRQHandler
                0x00000000080016dc                DMA1_Stream3_IRQHandler
 *fill*         0x00000000080016de        0x2 
 .text.HAL_Init
                0x00000000080016e0       0x44 ./Drivers/STM32F4xx_HAL_Driver/Src/stm32f4xx_hal.o
                0x00000000080016e0                HAL_Init
 .text.HAL_InitTick
                0x0000000008001724       0x60 ./Drivers/STM32F4xx_HAL_Driver/Src/stm32f4xx_hal.o
                0x0000000008001724                HAL_InitTick
 .text.HAL_IncTick
                0x0000000008001784       0x28 ./Drivers/STM32F4xx_HAL_Driver/Src/stm32f4xx_hal.o
                0x0000000008001784                HAL_IncTick
 .text.HAL_GetTick
                0x00000000080017ac       0x18 ./Drivers/STM32F4xx_HAL_Driver/Src/stm32f4xx_hal.o
                0x00000000080017ac                HAL_GetTick
 .text.HAL_Delay
                0x00000000080017c4       0x48 ./Drivers/STM32F4xx_HAL_Driver/Src/stm32f4xx_hal.o
                0x00000000080017c4                HAL_Delay
 .text.HAL_ADC_Init
                0x000000000800180c       0x86 ./Drivers/STM32F4xx_HAL_Driver/Src/stm32f4xx_hal_adc.o
                0x000000000800180c                HAL_ADC_Init
 *fill*         0x0000000008001892        0x2 
 .text.HAL_ADC_Start
                0x0000000008001894      0x1a4 ./Drivers/STM32F4xx_HAL_Driver/Src/stm32f4xx_hal_adc.o
                0x0000000008001894                HAL_ADC_Start
 .text.HAL_ADC_PollForConversion
                0x0000000008001a38      0x116 ./Drivers/STM32F4xx_HAL_Driver/Src/stm32f4xx_hal_adc.o
                0x0000000008001a38                HAL_ADC_PollForConversion
 .text.HAL_ADC_GetValue
                0x0000000008001b4e       0x1a ./Drivers/STM32F4xx_HAL_Driver/Src/stm32f4xx_hal_adc.o
                0x0000000008001b4e                HAL_ADC_GetValue
 .text.HAL_ADC_ConfigChannel
                0x0000000008001b68      0x264 ./Drivers/STM32F4xx_HAL_Driver/Src/stm32f4xx_hal_adc.o
                0x0000000008001b68                HAL_ADC_ConfigChannel
 .text.ADC_Init
                0x0000000008001dcc      0x1f8 ./Drivers/STM32F4xx_HAL_Driver/Src/stm32f4xx_hal_adc.o
 .text.__NVIC_SetPriorityGrouping
                0x0000000008001fc4       0x48 ./Drivers/STM32F4xx_HAL_Driver/Src/stm32f4xx_hal_cortex.o
 .text.__NVIC_GetPriorityGrouping
                0x000000000800200c       0x1c ./Drivers/STM32F4xx_HAL_Driver/Src/stm32f4xx_hal_cortex.o
 .text.__NVIC_SetPriority
                0x0000000008002028       0x54 ./Drivers/STM32F4xx_HAL_Driver/Src/stm32f4xx_hal_cortex.o
 .text.NVIC_EncodePriority
                0x000000000800207c       0x66 ./Drivers/STM32F4xx_HAL_Driver/Src/stm32f4xx_hal_cortex.o
 *fill*         0x00000000080020e2        0x2 
 .text.SysTick_Config
                0x00000000080020e4       0x44 ./Drivers/STM32F4xx_HAL_Driver/Src/stm32f4xx_hal_cortex.o
 .text.HAL_NVIC_SetPriorityGrouping
                0x0000000008002128       0x16 ./Drivers/STM32F4xx_HAL_Driver/Src/stm32f4xx_hal_cortex.o
                0x0000000008002128                HAL_NVIC_SetPriorityGrouping
 .text.HAL_NVIC_SetPriority
                0x000000000800213e       0x38 ./Drivers/STM32F4xx_HAL_Driver/Src/stm32f4xx_hal_cortex.o
                0x000000000800213e                HAL_NVIC_SetPriority
 .text.HAL_SYSTICK_Config
                0x0000000008002176       0x18 ./Drivers/STM32F4xx_HAL_Driver/Src/stm32f4xx_hal_cortex.o
                0x0000000008002176                HAL_SYSTICK_Config
 *fill*         0x000000000800218e        0x2 
 .text.HAL_ETH_Init
                0x0000000008002190       0xfc ./Drivers/STM32F4xx_HAL_Driver/Src/stm32f4xx_hal_eth.o
                0x0000000008002190                HAL_ETH_Init
 .text.ETH_SetMACConfig
                0x000000000800228c      0x160 ./Drivers/STM32F4xx_HAL_Driver/Src/stm32f4xx_hal_eth.o
 .text.ETH_SetDMAConfig
                0x00000000080023ec      0x114 ./Drivers/STM32F4xx_HAL_Driver/Src/stm32f4xx_hal_eth.o
 .text.ETH_MACDMAConfig
                0x0000000008002500       0xe4 ./Drivers/STM32F4xx_HAL_Driver/Src/stm32f4xx_hal_eth.o
 .text.ETH_MACAddressConfig
                0x00000000080025e4       0x70 ./Drivers/STM32F4xx_HAL_Driver/Src/stm32f4xx_hal_eth.o
 .text.ETH_DMATxDescListInit
                0x0000000008002654       0xb2 ./Drivers/STM32F4xx_HAL_Driver/Src/stm32f4xx_hal_eth.o
 .text.ETH_DMARxDescListInit
                0x0000000008002706       0xda ./Drivers/STM32F4xx_HAL_Driver/Src/stm32f4xx_hal_eth.o
 .text.HAL_GPIO_Init
                0x00000000080027e0      0x358 ./Drivers/STM32F4xx_HAL_Driver/Src/stm32f4xx_hal_gpio.o
                0x00000000080027e0                HAL_GPIO_Init
 .text.HAL_GPIO_WritePin
                0x0000000008002b38       0x32 ./Drivers/STM32F4xx_HAL_Driver/Src/stm32f4xx_hal_gpio.o
                0x0000000008002b38                HAL_GPIO_WritePin
 .text.HAL_PCD_Init
                0x0000000008002b6a      0x21e ./Drivers/STM32F4xx_HAL_Driver/Src/stm32f4xx_hal_pcd.o
                0x0000000008002b6a                HAL_PCD_Init
 .text.HAL_RCC_OscConfig
                0x0000000008002d88      0x4f0 ./Drivers/STM32F4xx_HAL_Driver/Src/stm32f4xx_hal_rcc.o
                0x0000000008002d88                HAL_RCC_OscConfig
 .text.HAL_RCC_ClockConfig
                0x0000000008003278      0x1cc ./Drivers/STM32F4xx_HAL_Driver/Src/stm32f4xx_hal_rcc.o
                0x0000000008003278                HAL_RCC_ClockConfig
 .text.HAL_RCC_GetSysClockFreq
                0x0000000008003444      0x20c ./Drivers/STM32F4xx_HAL_Driver/Src/stm32f4xx_hal_rcc.o
                0x0000000008003444                HAL_RCC_GetSysClockFreq
 .text.HAL_RCC_GetHCLKFreq
                0x0000000008003650       0x18 ./Drivers/STM32F4xx_HAL_Driver/Src/stm32f4xx_hal_rcc.o
                0x0000000008003650                HAL_RCC_GetHCLKFreq
 .text.HAL_RCC_GetPCLK1Freq
                0x0000000008003668       0x28 ./Drivers/STM32F4xx_HAL_Driver/Src/stm32f4xx_hal_rcc.o
                0x0000000008003668                HAL_RCC_GetPCLK1Freq
 .text.HAL_RCC_GetPCLK2Freq
                0x0000000008003690       0x28 ./Drivers/STM32F4xx_HAL_Driver/Src/stm32f4xx_hal_rcc.o
                0x0000000008003690                HAL_RCC_GetPCLK2Freq
 .text.HAL_UART_Init
                0x00000000080036b8       0xa0 ./Drivers/STM32F4xx_HAL_Driver/Src/stm32f4xx_hal_uart.o
                0x00000000080036b8                HAL_UART_Init
 .text.UART_SetConfig
                0x0000000008003758      0x4e8 ./Drivers/STM32F4xx_HAL_Driver/Src/stm32f4xx_hal_uart.o
 .text.USB_CoreInit
                0x0000000008003c40       0xc8 ./Drivers/STM32F4xx_HAL_Driver/Src/stm32f4xx_ll_usb.o
                0x0000000008003c40                USB_CoreInit
 .text.USB_DisableGlobalInt
                0x0000000008003d08       0x22 ./Drivers/STM32F4xx_HAL_Driver/Src/stm32f4xx_ll_usb.o
                0x0000000008003d08                USB_DisableGlobalInt
 .text.USB_SetCurrentMode
                0x0000000008003d2a       0x98 ./Drivers/STM32F4xx_HAL_Driver/Src/stm32f4xx_ll_usb.o
                0x0000000008003d2a                USB_SetCurrentMode
 *fill*         0x0000000008003dc2        0x2 
 .text.USB_DevInit
                0x0000000008003dc4      0x2c8 ./Drivers/STM32F4xx_HAL_Driver/Src/stm32f4xx_ll_usb.o
                0x0000000008003dc4                USB_DevInit
 .text.USB_FlushTxFifo
                0x000000000800408c       0x64 ./Drivers/STM32F4xx_HAL_Driver/Src/stm32f4xx_ll_usb.o
                0x000000000800408c                USB_FlushTxFifo
 .text.USB_FlushRxFifo
                0x00000000080040f0       0x5c ./Drivers/STM32F4xx_HAL_Driver/Src/stm32f4xx_ll_usb.o
                0x00000000080040f0                USB_FlushRxFifo
 .text.USB_SetDevSpeed
                0x000000000800414c       0x32 ./Drivers/STM32F4xx_HAL_Driver/Src/stm32f4xx_ll_usb.o
                0x000000000800414c                USB_SetDevSpeed
 .text.USB_DevDisconnect
                0x000000000800417e       0x42 ./Drivers/STM32F4xx_HAL_Driver/Src/stm32f4xx_ll_usb.o
                0x000000000800417e                USB_DevDisconnect
 .text.USB_GetMode
                0x00000000080041c0       0x1c ./Drivers/STM32F4xx_HAL_Driver/Src/stm32f4xx_ll_usb.o
                0x00000000080041c0                USB_GetMode
 .text.USB_CoreReset
                0x00000000080041dc       0x62 ./Drivers/STM32F4xx_HAL_Driver/Src/stm32f4xx_ll_usb.o
 .text.memset   0x000000000800423e       0x10 C:/ST/STM32CubeIDE_1.14.0/STM32CubeIDE/plugins/com.st.stm32cube.ide.mcu.externaltools.gnu-tools-for-stm32.11.3.rel1.win32_1.1.100.202309141235/tools/bin/../lib/gcc/arm-none-eabi/11.3.1/../../../../arm-none-eabi/lib/thumb/v7e-m+fp/hard\libc_nano.a(libc_a-memset.o)
                0x000000000800423e                memset
 *fill*         0x000000000800424e        0x2 
 .text.__libc_init_array
                0x0000000008004250       0x48 C:/ST/STM32CubeIDE_1.14.0/STM32CubeIDE/plugins/com.st.stm32cube.ide.mcu.externaltools.gnu-tools-for-stm32.11.3.rel1.win32_1.1.100.202309141235/tools/bin/../lib/gcc/arm-none-eabi/11.3.1/../../../../arm-none-eabi/lib/thumb/v7e-m+fp/hard\libc_nano.a(libc_a-init.o)
                0x0000000008004250                __libc_init_array
 *(.glue_7)
 .glue_7        0x0000000008004298        0x0 linker stubs
 *(.glue_7t)
 .glue_7t       0x0000000008004298        0x0 linker stubs
 *(.eh_frame)
 .eh_frame      0x0000000008004298        0x0 C:/ST/STM32CubeIDE_1.14.0/STM32CubeIDE/plugins/com.st.stm32cube.ide.mcu.externaltools.gnu-tools-for-stm32.11.3.rel1.win32_1.1.100.202309141235/tools/bin/../lib/gcc/arm-none-eabi/11.3.1/thumb/v7e-m+fp/hard/crtbegin.o
 *(.init)
 .init          0x0000000008004298        0x4 C:/ST/STM32CubeIDE_1.14.0/STM32CubeIDE/plugins/com.st.stm32cube.ide.mcu.externaltools.gnu-tools-for-stm32.11.3.rel1.win32_1.1.100.202309141235/tools/bin/../lib/gcc/arm-none-eabi/11.3.1/thumb/v7e-m+fp/hard/crti.o
                0x0000000008004298                _init
 .init          0x000000000800429c        0x8 C:/ST/STM32CubeIDE_1.14.0/STM32CubeIDE/plugins/com.st.stm32cube.ide.mcu.externaltools.gnu-tools-for-stm32.11.3.rel1.win32_1.1.100.202309141235/tools/bin/../lib/gcc/arm-none-eabi/11.3.1/thumb/v7e-m+fp/hard/crtn.o
 *(.fini)
 .fini          0x00000000080042a4        0x4 C:/ST/STM32CubeIDE_1.14.0/STM32CubeIDE/plugins/com.st.stm32cube.ide.mcu.externaltools.gnu-tools-for-stm32.11.3.rel1.win32_1.1.100.202309141235/tools/bin/../lib/gcc/arm-none-eabi/11.3.1/thumb/v7e-m+fp/hard/crti.o
                0x00000000080042a4                _fini
 .fini          0x00000000080042a8        0x8 C:/ST/STM32CubeIDE_1.14.0/STM32CubeIDE/plugins/com.st.stm32cube.ide.mcu.externaltools.gnu-tools-for-stm32.11.3.rel1.win32_1.1.100.202309141235/tools/bin/../lib/gcc/arm-none-eabi/11.3.1/thumb/v7e-m+fp/hard/crtn.o
                0x00000000080042b0                . = ALIGN (0x4)
                0x00000000080042b0                _etext = .

.vfp11_veneer   0x00000000080042b0        0x0
 .vfp11_veneer  0x00000000080042b0        0x0 linker stubs

.v4_bx          0x00000000080042b0        0x0
 .v4_bx         0x00000000080042b0        0x0 linker stubs

.iplt           0x00000000080042b0        0x0
 .iplt          0x00000000080042b0        0x0 C:/ST/STM32CubeIDE_1.14.0/STM32CubeIDE/plugins/com.st.stm32cube.ide.mcu.externaltools.gnu-tools-for-stm32.11.3.rel1.win32_1.1.100.202309141235/tools/bin/../lib/gcc/arm-none-eabi/11.3.1/thumb/v7e-m+fp/hard/crtbegin.o

.rodata         0x00000000080042b0       0x18
                0x00000000080042b0                . = ALIGN (0x4)
 *(.rodata)
 *(.rodata*)
 .rodata.AHBPrescTable
                0x00000000080042b0       0x10 ./Core/Src/system_stm32f4xx.o
                0x00000000080042b0                AHBPrescTable
 .rodata.APBPrescTable
                0x00000000080042c0        0x8 ./Core/Src/system_stm32f4xx.o
                0x00000000080042c0                APBPrescTable
                0x00000000080042c8                . = ALIGN (0x4)

.ARM.extab      0x00000000080042c8        0x0
                0x00000000080042c8                . = ALIGN (0x4)
 *(.ARM.extab* .gnu.linkonce.armextab.*)
                0x00000000080042c8                . = ALIGN (0x4)

.ARM            0x00000000080042c8        0x8
                0x00000000080042c8                . = ALIGN (0x4)
                0x00000000080042c8                __exidx_start = .
 *(.ARM.exidx*)
 .ARM.exidx     0x00000000080042c8        0x8 C:/ST/STM32CubeIDE_1.14.0/STM32CubeIDE/plugins/com.st.stm32cube.ide.mcu.externaltools.gnu-tools-for-stm32.11.3.rel1.win32_1.1.100.202309141235/tools/bin/../lib/gcc/arm-none-eabi/11.3.1/thumb/v7e-m+fp/hard\libgcc.a(_udivmoddi4.o)
                0x00000000080042d0                __exidx_end = .
                0x00000000080042d0                . = ALIGN (0x4)

.rel.dyn        0x00000000080042d0        0x0
 .rel.iplt      0x00000000080042d0        0x0 C:/ST/STM32CubeIDE_1.14.0/STM32CubeIDE/plugins/com.st.stm32cube.ide.mcu.externaltools.gnu-tools-for-stm32.11.3.rel1.win32_1.1.100.202309141235/tools/bin/../lib/gcc/arm-none-eabi/11.3.1/thumb/v7e-m+fp/hard/crtbegin.o

.preinit_array  0x00000000080042d0        0x0
                0x00000000080042d0                . = ALIGN (0x4)
                0x00000000080042d0                PROVIDE (__preinit_array_start = .)
 *(.preinit_array*)
                0x00000000080042d0                PROVIDE (__preinit_array_end = .)
                0x00000000080042d0                . = ALIGN (0x4)

.init_array     0x00000000080042d0        0x4
                0x00000000080042d0                . = ALIGN (0x4)
                0x00000000080042d0                PROVIDE (__init_array_start = .)
 *(SORT_BY_NAME(.init_array.*))
 *(.init_array*)
 .init_array    0x00000000080042d0        0x4 C:/ST/STM32CubeIDE_1.14.0/STM32CubeIDE/plugins/com.st.stm32cube.ide.mcu.externaltools.gnu-tools-for-stm32.11.3.rel1.win32_1.1.100.202309141235/tools/bin/../lib/gcc/arm-none-eabi/11.3.1/thumb/v7e-m+fp/hard/crtbegin.o
                0x00000000080042d4                PROVIDE (__init_array_end = .)
                0x00000000080042d4                . = ALIGN (0x4)

.fini_array     0x00000000080042d4        0x4
                0x00000000080042d4                . = ALIGN (0x4)
                [!provide]                        PROVIDE (__fini_array_start = .)
 *(SORT_BY_NAME(.fini_array.*))
 *(.fini_array*)
 .fini_array    0x00000000080042d4        0x4 C:/ST/STM32CubeIDE_1.14.0/STM32CubeIDE/plugins/com.st.stm32cube.ide.mcu.externaltools.gnu-tools-for-stm32.11.3.rel1.win32_1.1.100.202309141235/tools/bin/../lib/gcc/arm-none-eabi/11.3.1/thumb/v7e-m+fp/hard/crtbegin.o
                [!provide]                        PROVIDE (__fini_array_end = .)
                0x00000000080042d8                . = ALIGN (0x4)
                0x00000000080042d8                _sidata = LOADADDR (.data)

.data           0x0000000020000000        0xc load address 0x00000000080042d8
                0x0000000020000000                . = ALIGN (0x4)
                0x0000000020000000                _sdata = .
 *(.data)
 *(.data*)
 .data.SystemCoreClock
                0x0000000020000000        0x4 ./Core/Src/system_stm32f4xx.o
                0x0000000020000000                SystemCoreClock
 .data.uwTickPrio
                0x0000000020000004        0x4 ./Drivers/STM32F4xx_HAL_Driver/Src/stm32f4xx_hal.o
                0x0000000020000004                uwTickPrio
 .data.uwTickFreq
                0x0000000020000008        0x1 ./Drivers/STM32F4xx_HAL_Driver/Src/stm32f4xx_hal.o
                0x0000000020000008                uwTickFreq
 *(.RamFunc)
 *(.RamFunc*)
                0x000000002000000c                . = ALIGN (0x4)
 *fill*         0x0000000020000009        0x3 
                0x000000002000000c                _edata = .
                0x00000000080042e4                _siccmram = LOADADDR (.ccmram)

.igot.plt       0x000000002000000c        0x0 load address 0x00000000080042e4
 .igot.plt      0x000000002000000c        0x0 C:/ST/STM32CubeIDE_1.14.0/STM32CubeIDE/plugins/com.st.stm32cube.ide.mcu.externaltools.gnu-tools-for-stm32.11.3.rel1.win32_1.1.100.202309141235/tools/bin/../lib/gcc/arm-none-eabi/11.3.1/thumb/v7e-m+fp/hard/crtbegin.o

.ccmram         0x0000000010000000        0x0 load address 0x00000000080042e4
                0x0000000010000000                . = ALIGN (0x4)
                0x0000000010000000                _sccmram = .
 *(.ccmram)
 *(.ccmram*)
                0x0000000010000000                . = ALIGN (0x4)
                0x0000000010000000                _eccmram = .
                0x0000000010000000                . = ALIGN (0x4)

.bss            0x000000002000000c      0x7d4
                0x000000002000000c                _sbss = .
                0x000000002000000c                __bss_start__ = _sbss
 *(.bss)
 .bss           0x000000002000000c       0x1c C:/ST/STM32CubeIDE_1.14.0/STM32CubeIDE/plugins/com.st.stm32cube.ide.mcu.externaltools.gnu-tools-for-stm32.11.3.rel1.win32_1.1.100.202309141235/tools/bin/../lib/gcc/arm-none-eabi/11.3.1/thumb/v7e-m+fp/hard/crtbegin.o
 *(.bss*)
 .bss.adc_value
                0x0000000020000028        0x4 ./Core/Src/main.o
                0x0000000020000028                adc_value
 .bss.Vadc      0x000000002000002c        0x4 ./Core/Src/main.o
                0x000000002000002c                Vadc
 .bss.Vdda      0x0000000020000030        0x4 ./Core/Src/main.o
                0x0000000020000030                Vdda
 .bss.count     0x0000000020000034        0x4 ./Core/Src/main.o
                0x0000000020000034                count
 .bss.TxConfig  0x0000000020000038       0x38 ./Core/Src/main.o
                0x0000000020000038                TxConfig
 .bss.DMARxDscrTab
                0x0000000020000070       0xa0 ./Core/Src/main.o
                0x0000000020000070                DMARxDscrTab
 .bss.DMATxDscrTab
                0x0000000020000110       0xa0 ./Core/Src/main.o
                0x0000000020000110                DMATxDscrTab
 .bss.hadc1     0x00000000200001b0       0x48 ./Core/Src/main.o
                0x00000000200001b0                hadc1
 .bss.heth      0x00000000200001f8       0xb0 ./Core/Src/main.o
                0x00000000200001f8                heth
 .bss.huart3    0x00000000200002a8       0x48 ./Core/Src/main.o
                0x00000000200002a8                huart3
 .bss.hpcd_USB_OTG_FS
                0x00000000200002f0      0x4e4 ./Core/Src/main.o
                0x00000000200002f0                hpcd_USB_OTG_FS
 .bss.MACAddr.0
                0x00000000200007d4        0x6 ./Core/Src/main.o
 *fill*         0x00000000200007da        0x2 
 .bss.uwTick    0x00000000200007dc        0x4 ./Drivers/STM32F4xx_HAL_Driver/Src/stm32f4xx_hal.o
                0x00000000200007dc                uwTick
 *(COMMON)
                0x00000000200007e0                . = ALIGN (0x4)
                0x00000000200007e0                _ebss = .
                0x00000000200007e0                __bss_end__ = _ebss

._user_heap_stack
                0x00000000200007e0      0x600
                0x00000000200007e0                . = ALIGN (0x8)
                [!provide]                        PROVIDE (end = .)
                0x00000000200007e0                PROVIDE (_end = .)
                0x00000000200009e0                . = (. + _Min_Heap_Size)
 *fill*         0x00000000200007e0      0x200 
                0x0000000020000de0                . = (. + _Min_Stack_Size)
 *fill*         0x00000000200009e0      0x400 
                0x0000000020000de0                . = ALIGN (0x8)

/DISCARD/
 libc.a(*)
 libm.a(*)
 libgcc.a(*)

.ARM.attributes
                0x0000000000000000       0x30
 *(.ARM.attributes)
 .ARM.attributes
                0x0000000000000000       0x1e C:/ST/STM32CubeIDE_1.14.0/STM32CubeIDE/plugins/com.st.stm32cube.ide.mcu.externaltools.gnu-tools-for-stm32.11.3.rel1.win32_1.1.100.202309141235/tools/bin/../lib/gcc/arm-none-eabi/11.3.1/thumb/v7e-m+fp/hard/crti.o
 .ARM.attributes
                0x000000000000001e       0x34 C:/ST/STM32CubeIDE_1.14.0/STM32CubeIDE/plugins/com.st.stm32cube.ide.mcu.externaltools.gnu-tools-for-stm32.11.3.rel1.win32_1.1.100.202309141235/tools/bin/../lib/gcc/arm-none-eabi/11.3.1/thumb/v7e-m+fp/hard/crtbegin.o
 .ARM.attributes
                0x0000000000000052       0x34 ./Core/Src/main.o
 .ARM.attributes
                0x0000000000000086       0x34 ./Core/Src/stm32f4xx_hal_msp.o
 .ARM.attributes
                0x00000000000000ba       0x34 ./Core/Src/stm32f4xx_it.o
 .ARM.attributes
                0x00000000000000ee       0x34 ./Core/Src/system_stm32f4xx.o
 .ARM.attributes
                0x0000000000000122       0x21 ./Core/Startup/startup_stm32f439zitx.o
 .ARM.attributes
                0x0000000000000143       0x34 ./Drivers/STM32F4xx_HAL_Driver/Src/stm32f4xx_hal.o
 .ARM.attributes
                0x0000000000000177       0x34 ./Drivers/STM32F4xx_HAL_Driver/Src/stm32f4xx_hal_adc.o
 .ARM.attributes
                0x00000000000001ab       0x34 ./Drivers/STM32F4xx_HAL_Driver/Src/stm32f4xx_hal_cortex.o
 .ARM.attributes
                0x00000000000001df       0x34 ./Drivers/STM32F4xx_HAL_Driver/Src/stm32f4xx_hal_eth.o
 .ARM.attributes
                0x0000000000000213       0x34 ./Drivers/STM32F4xx_HAL_Driver/Src/stm32f4xx_hal_gpio.o
 .ARM.attributes
                0x0000000000000247       0x34 ./Drivers/STM32F4xx_HAL_Driver/Src/stm32f4xx_hal_pcd.o
 .ARM.attributes
                0x000000000000027b       0x34 ./Drivers/STM32F4xx_HAL_Driver/Src/stm32f4xx_hal_rcc.o
 .ARM.attributes
                0x00000000000002af       0x34 ./Drivers/STM32F4xx_HAL_Driver/Src/stm32f4xx_hal_uart.o
 .ARM.attributes
                0x00000000000002e3       0x34 ./Drivers/STM32F4xx_HAL_Driver/Src/stm32f4xx_ll_usb.o
 .ARM.attributes
                0x0000000000000317       0x34 C:/ST/STM32CubeIDE_1.14.0/STM32CubeIDE/plugins/com.st.stm32cube.ide.mcu.externaltools.gnu-tools-for-stm32.11.3.rel1.win32_1.1.100.202309141235/tools/bin/../lib/gcc/arm-none-eabi/11.3.1/../../../../arm-none-eabi/lib/thumb/v7e-m+fp/hard\libc_nano.a(libc_a-memset.o)
 .ARM.attributes
                0x000000000000034b       0x34 C:/ST/STM32CubeIDE_1.14.0/STM32CubeIDE/plugins/com.st.stm32cube.ide.mcu.externaltools.gnu-tools-for-stm32.11.3.rel1.win32_1.1.100.202309141235/tools/bin/../lib/gcc/arm-none-eabi/11.3.1/../../../../arm-none-eabi/lib/thumb/v7e-m+fp/hard\libc_nano.a(libc_a-init.o)
 .ARM.attributes
                0x000000000000037f       0x1e C:/ST/STM32CubeIDE_1.14.0/STM32CubeIDE/plugins/com.st.stm32cube.ide.mcu.externaltools.gnu-tools-for-stm32.11.3.rel1.win32_1.1.100.202309141235/tools/bin/../lib/gcc/arm-none-eabi/11.3.1/thumb/v7e-m+fp/hard\libgcc.a(_arm_addsubdf3.o)
 .ARM.attributes
                0x000000000000039d       0x1e C:/ST/STM32CubeIDE_1.14.0/STM32CubeIDE/plugins/com.st.stm32cube.ide.mcu.externaltools.gnu-tools-for-stm32.11.3.rel1.win32_1.1.100.202309141235/tools/bin/../lib/gcc/arm-none-eabi/11.3.1/thumb/v7e-m+fp/hard\libgcc.a(_arm_muldivdf3.o)
 .ARM.attributes
                0x00000000000003bb       0x1e C:/ST/STM32CubeIDE_1.14.0/STM32CubeIDE/plugins/com.st.stm32cube.ide.mcu.externaltools.gnu-tools-for-stm32.11.3.rel1.win32_1.1.100.202309141235/tools/bin/../lib/gcc/arm-none-eabi/11.3.1/thumb/v7e-m+fp/hard\libgcc.a(_arm_truncdfsf2.o)
 .ARM.attributes
                0x00000000000003d9       0x1e C:/ST/STM32CubeIDE_1.14.0/STM32CubeIDE/plugins/com.st.stm32cube.ide.mcu.externaltools.gnu-tools-for-stm32.11.3.rel1.win32_1.1.100.202309141235/tools/bin/../lib/gcc/arm-none-eabi/11.3.1/thumb/v7e-m+fp/hard\libgcc.a(_aeabi_uldivmod.o)
 .ARM.attributes
                0x00000000000003f7       0x34 C:/ST/STM32CubeIDE_1.14.0/STM32CubeIDE/plugins/com.st.stm32cube.ide.mcu.externaltools.gnu-tools-for-stm32.11.3.rel1.win32_1.1.100.202309141235/tools/bin/../lib/gcc/arm-none-eabi/11.3.1/thumb/v7e-m+fp/hard\libgcc.a(_udivmoddi4.o)
 .ARM.attributes
                0x000000000000042b       0x1e C:/ST/STM32CubeIDE_1.14.0/STM32CubeIDE/plugins/com.st.stm32cube.ide.mcu.externaltools.gnu-tools-for-stm32.11.3.rel1.win32_1.1.100.202309141235/tools/bin/../lib/gcc/arm-none-eabi/11.3.1/thumb/v7e-m+fp/hard\libgcc.a(_dvmd_tls.o)
 .ARM.attributes
                0x0000000000000449       0x1e C:/ST/STM32CubeIDE_1.14.0/STM32CubeIDE/plugins/com.st.stm32cube.ide.mcu.externaltools.gnu-tools-for-stm32.11.3.rel1.win32_1.1.100.202309141235/tools/bin/../lib/gcc/arm-none-eabi/11.3.1/thumb/v7e-m+fp/hard/crtn.o
OUTPUT(ADCwithHal_v002.elf elf32-littlearm)
LOAD linker stubs
LOAD C:/ST/STM32CubeIDE_1.14.0/STM32CubeIDE/plugins/com.st.stm32cube.ide.mcu.externaltools.gnu-tools-for-stm32.11.3.rel1.win32_1.1.100.202309141235/tools/bin/../lib/gcc/arm-none-eabi/11.3.1/../../../../arm-none-eabi/lib/thumb/v7e-m+fp/hard\libc.a
LOAD C:/ST/STM32CubeIDE_1.14.0/STM32CubeIDE/plugins/com.st.stm32cube.ide.mcu.externaltools.gnu-tools-for-stm32.11.3.rel1.win32_1.1.100.202309141235/tools/bin/../lib/gcc/arm-none-eabi/11.3.1/../../../../arm-none-eabi/lib/thumb/v7e-m+fp/hard\libm.a
LOAD C:/ST/STM32CubeIDE_1.14.0/STM32CubeIDE/plugins/com.st.stm32cube.ide.mcu.externaltools.gnu-tools-for-stm32.11.3.rel1.win32_1.1.100.202309141235/tools/bin/../lib/gcc/arm-none-eabi/11.3.1/thumb/v7e-m+fp/hard\libgcc.a

.comment        0x0000000000000000       0x43
 .comment       0x0000000000000000       0x43 C:/ST/STM32CubeIDE_1.14.0/STM32CubeIDE/plugins/com.st.stm32cube.ide.mcu.externaltools.gnu-tools-for-stm32.11.3.rel1.win32_1.1.100.202309141235/tools/bin/../lib/gcc/arm-none-eabi/11.3.1/thumb/v7e-m+fp/hard/crtbegin.o
                                         0x44 (size before relaxing)
 .comment       0x0000000000000043       0x44 ./Core/Src/main.o
 .comment       0x0000000000000043       0x44 ./Core/Src/stm32f4xx_hal_msp.o
 .comment       0x0000000000000043       0x44 ./Core/Src/stm32f4xx_it.o
 .comment       0x0000000000000043       0x44 ./Core/Src/system_stm32f4xx.o
 .comment       0x0000000000000043       0x44 ./Drivers/STM32F4xx_HAL_Driver/Src/stm32f4xx_hal.o
 .comment       0x0000000000000043       0x44 ./Drivers/STM32F4xx_HAL_Driver/Src/stm32f4xx_hal_adc.o
 .comment       0x0000000000000043       0x44 ./Drivers/STM32F4xx_HAL_Driver/Src/stm32f4xx_hal_cortex.o
 .comment       0x0000000000000043       0x44 ./Drivers/STM32F4xx_HAL_Driver/Src/stm32f4xx_hal_eth.o
 .comment       0x0000000000000043       0x44 ./Drivers/STM32F4xx_HAL_Driver/Src/stm32f4xx_hal_gpio.o
 .comment       0x0000000000000043       0x44 ./Drivers/STM32F4xx_HAL_Driver/Src/stm32f4xx_hal_pcd.o
 .comment       0x0000000000000043       0x44 ./Drivers/STM32F4xx_HAL_Driver/Src/stm32f4xx_hal_rcc.o
 .comment       0x0000000000000043       0x44 ./Drivers/STM32F4xx_HAL_Driver/Src/stm32f4xx_hal_uart.o
 .comment       0x0000000000000043       0x44 ./Drivers/STM32F4xx_HAL_Driver/Src/stm32f4xx_ll_usb.o

.debug_info     0x0000000000000000     0xf26e
 .debug_info    0x0000000000000000     0x1ecc ./Core/Src/main.o
 .debug_info    0x0000000000001ecc     0x1a86 ./Core/Src/stm32f4xx_hal_msp.o
 .debug_info    0x0000000000003952      0x112 ./Core/Src/stm32f4xx_it.o
 .debug_info    0x0000000000003a64      0x52e ./Core/Src/system_stm32f4xx.o
 .debug_info    0x0000000000003f92       0x23 ./Core/Startup/startup_stm32f439zitx.o
 .debug_info    0x0000000000003fb5      0x9c0 ./Drivers/STM32F4xx_HAL_Driver/Src/stm32f4xx_hal.o
 .debug_info    0x0000000000004975      0xcd4 ./Drivers/STM32F4xx_HAL_Driver/Src/stm32f4xx_hal_adc.o
 .debug_info    0x0000000000005649      0xd93 ./Drivers/STM32F4xx_HAL_Driver/Src/stm32f4xx_hal_cortex.o
 .debug_info    0x00000000000063dc     0x209d ./Drivers/STM32F4xx_HAL_Driver/Src/stm32f4xx_hal_eth.o
 .debug_info    0x0000000000008479      0x6db ./Drivers/STM32F4xx_HAL_Driver/Src/stm32f4xx_hal_gpio.o
 .debug_info    0x0000000000008b54     0x156f ./Drivers/STM32F4xx_HAL_Driver/Src/stm32f4xx_hal_pcd.o
 .debug_info    0x000000000000a0c3      0x8c9 ./Drivers/STM32F4xx_HAL_Driver/Src/stm32f4xx_hal_rcc.o
 .debug_info    0x000000000000a98c     0x2f4f ./Drivers/STM32F4xx_HAL_Driver/Src/stm32f4xx_hal_uart.o
 .debug_info    0x000000000000d8db     0x1993 ./Drivers/STM32F4xx_HAL_Driver/Src/stm32f4xx_ll_usb.o

.debug_abbrev   0x0000000000000000     0x1e6a
 .debug_abbrev  0x0000000000000000      0x308 ./Core/Src/main.o
 .debug_abbrev  0x0000000000000308      0x252 ./Core/Src/stm32f4xx_hal_msp.o
 .debug_abbrev  0x000000000000055a       0x73 ./Core/Src/stm32f4xx_it.o
 .debug_abbrev  0x00000000000005cd      0x11a ./Core/Src/system_stm32f4xx.o
 .debug_abbrev  0x00000000000006e7       0x12 ./Core/Startup/startup_stm32f439zitx.o
 .debug_abbrev  0x00000000000006f9      0x214 ./Drivers/STM32F4xx_HAL_Driver/Src/stm32f4xx_hal.o
 .debug_abbrev  0x000000000000090d      0x252 ./Drivers/STM32F4xx_HAL_Driver/Src/stm32f4xx_hal_adc.o
 .debug_abbrev  0x0000000000000b5f      0x328 ./Drivers/STM32F4xx_HAL_Driver/Src/stm32f4xx_hal_cortex.o
 .debug_abbrev  0x0000000000000e87      0x2df ./Drivers/STM32F4xx_HAL_Driver/Src/stm32f4xx_hal_eth.o
 .debug_abbrev  0x0000000000001166      0x1d4 ./Drivers/STM32F4xx_HAL_Driver/Src/stm32f4xx_hal_gpio.o
 .debug_abbrev  0x000000000000133a      0x2b9 ./Drivers/STM32F4xx_HAL_Driver/Src/stm32f4xx_hal_pcd.o
 .debug_abbrev  0x00000000000015f3      0x2b6 ./Drivers/STM32F4xx_HAL_Driver/Src/stm32f4xx_hal_rcc.o
 .debug_abbrev  0x00000000000018a9      0x30e ./Drivers/STM32F4xx_HAL_Driver/Src/stm32f4xx_hal_uart.o
 .debug_abbrev  0x0000000000001bb7      0x2b3 ./Drivers/STM32F4xx_HAL_Driver/Src/stm32f4xx_ll_usb.o

.debug_aranges  0x0000000000000000      0xc28
 .debug_aranges
                0x0000000000000000       0x60 ./Core/Src/main.o
 .debug_aranges
                0x0000000000000060       0x60 ./Core/Src/stm32f4xx_hal_msp.o
 .debug_aranges
                0x00000000000000c0       0x60 ./Core/Src/stm32f4xx_it.o
 .debug_aranges
                0x0000000000000120       0x28 ./Core/Src/system_stm32f4xx.o
 .debug_aranges
                0x0000000000000148       0x28 ./Core/Startup/startup_stm32f439zitx.o
 .debug_aranges
                0x0000000000000170      0x100 ./Drivers/STM32F4xx_HAL_Driver/Src/stm32f4xx_hal.o
 .debug_aranges
                0x0000000000000270       0xe8 ./Drivers/STM32F4xx_HAL_Driver/Src/stm32f4xx_hal_adc.o
 .debug_aranges
                0x0000000000000358      0x120 ./Drivers/STM32F4xx_HAL_Driver/Src/stm32f4xx_hal_cortex.o
 .debug_aranges
                0x0000000000000478      0x1e0 ./Drivers/STM32F4xx_HAL_Driver/Src/stm32f4xx_hal_eth.o
 .debug_aranges
                0x0000000000000658       0x58 ./Drivers/STM32F4xx_HAL_Driver/Src/stm32f4xx_hal_gpio.o
 .debug_aranges
                0x00000000000006b0      0x148 ./Drivers/STM32F4xx_HAL_Driver/Src/stm32f4xx_hal_pcd.o
 .debug_aranges
                0x00000000000007f8       0x88 ./Drivers/STM32F4xx_HAL_Driver/Src/stm32f4xx_hal_rcc.o
 .debug_aranges
                0x0000000000000880      0x208 ./Drivers/STM32F4xx_HAL_Driver/Src/stm32f4xx_hal_uart.o
 .debug_aranges
                0x0000000000000a88      0x1a0 ./Drivers/STM32F4xx_HAL_Driver/Src/stm32f4xx_ll_usb.o

.debug_rnglists
                0x0000000000000000      0x967
 .debug_rnglists
                0x0000000000000000       0x48 ./Core/Src/main.o
 .debug_rnglists
                0x0000000000000048       0x47 ./Core/Src/stm32f4xx_hal_msp.o
 .debug_rnglists
                0x000000000000008f       0x43 ./Core/Src/stm32f4xx_it.o
 .debug_rnglists
                0x00000000000000d2       0x1a ./Core/Src/system_stm32f4xx.o
 .debug_rnglists
                0x00000000000000ec       0x19 ./Core/Startup/startup_stm32f439zitx.o
 .debug_rnglists
                0x0000000000000105       0xbb ./Drivers/STM32F4xx_HAL_Driver/Src/stm32f4xx_hal.o
 .debug_rnglists
                0x00000000000001c0       0xb5 ./Drivers/STM32F4xx_HAL_Driver/Src/stm32f4xx_hal_adc.o
 .debug_rnglists
                0x0000000000000275       0xd4 ./Drivers/STM32F4xx_HAL_Driver/Src/stm32f4xx_hal_cortex.o
 .debug_rnglists
                0x0000000000000349      0x17c ./Drivers/STM32F4xx_HAL_Driver/Src/stm32f4xx_hal_eth.o
 .debug_rnglists
                0x00000000000004c5       0x3f ./Drivers/STM32F4xx_HAL_Driver/Src/stm32f4xx_hal_gpio.o
 .debug_rnglists
                0x0000000000000504       0xfa ./Drivers/STM32F4xx_HAL_Driver/Src/stm32f4xx_hal_pcd.o
 .debug_rnglists
                0x00000000000005fe       0x66 ./Drivers/STM32F4xx_HAL_Driver/Src/stm32f4xx_hal_rcc.o
 .debug_rnglists
                0x0000000000000664      0x1bc ./Drivers/STM32F4xx_HAL_Driver/Src/stm32f4xx_hal_uart.o
 .debug_rnglists
                0x0000000000000820      0x147 ./Drivers/STM32F4xx_HAL_Driver/Src/stm32f4xx_ll_usb.o

.debug_macro    0x0000000000000000    0x258bb
 .debug_macro   0x0000000000000000      0x2f3 ./Core/Src/main.o
 .debug_macro   0x00000000000002f3      0xaa8 ./Core/Src/main.o
 .debug_macro   0x0000000000000d9b      0x2a7 ./Core/Src/main.o
 .debug_macro   0x0000000000001042       0x2e ./Core/Src/main.o
 .debug_macro   0x0000000000001070       0x28 ./Core/Src/main.o
 .debug_macro   0x0000000000001098       0x22 ./Core/Src/main.o
 .debug_macro   0x00000000000010ba       0x8e ./Core/Src/main.o
 .debug_macro   0x0000000000001148       0x51 ./Core/Src/main.o
 .debug_macro   0x0000000000001199      0x103 ./Core/Src/main.o
 .debug_macro   0x000000000000129c       0x6a ./Core/Src/main.o
 .debug_macro   0x0000000000001306      0x1df ./Core/Src/main.o
 .debug_macro   0x00000000000014e5       0x1c ./Core/Src/main.o
 .debug_macro   0x0000000000001501       0x22 ./Core/Src/main.o
 .debug_macro   0x0000000000001523       0xfb ./Core/Src/main.o
 .debug_macro   0x000000000000161e     0x1011 ./Core/Src/main.o
 .debug_macro   0x000000000000262f      0x11f ./Core/Src/main.o
 .debug_macro   0x000000000000274e    0x18622 ./Core/Src/main.o
 .debug_macro   0x000000000001ad70       0x6d ./Core/Src/main.o
 .debug_macro   0x000000000001addd     0x3703 ./Core/Src/main.o
 .debug_macro   0x000000000001e4e0      0x174 ./Core/Src/main.o
 .debug_macro   0x000000000001e654       0x5c ./Core/Src/main.o
 .debug_macro   0x000000000001e6b0      0xd2a ./Core/Src/main.o
 .debug_macro   0x000000000001f3da      0x9e9 ./Core/Src/main.o
 .debug_macro   0x000000000001fdc3      0x115 ./Core/Src/main.o
 .debug_macro   0x000000000001fed8      0x156 ./Core/Src/main.o
 .debug_macro   0x000000000002002e       0xa5 ./Core/Src/main.o
 .debug_macro   0x00000000000200d3      0x182 ./Core/Src/main.o
 .debug_macro   0x0000000000020255      0x287 ./Core/Src/main.o
 .debug_macro   0x00000000000204dc       0x5f ./Core/Src/main.o
 .debug_macro   0x000000000002053b      0x236 ./Core/Src/main.o
 .debug_macro   0x0000000000020771      0xb54 ./Core/Src/main.o
 .debug_macro   0x00000000000212c5      0x38b ./Core/Src/main.o
 .debug_macro   0x0000000000021650      0x184 ./Core/Src/main.o
 .debug_macro   0x00000000000217d4       0xf9 ./Core/Src/main.o
 .debug_macro   0x00000000000218cd      0xd44 ./Core/Src/main.o
 .debug_macro   0x0000000000022611      0x132 ./Core/Src/main.o
 .debug_macro   0x0000000000022743      0x41d ./Core/Src/main.o
 .debug_macro   0x0000000000022b60       0x2e ./Core/Src/main.o
 .debug_macro   0x0000000000022b8e      0x127 ./Core/Src/main.o
 .debug_macro   0x0000000000022cb5       0xe2 ./Core/Src/main.o
 .debug_macro   0x0000000000022d97       0x89 ./Core/Src/main.o
 .debug_macro   0x0000000000022e20      0x2aa ./Core/Src/main.o
 .debug_macro   0x00000000000230ca      0x293 ./Core/Src/main.o
 .debug_macro   0x000000000002335d       0xba ./Core/Src/main.o
 .debug_macro   0x0000000000023417      0x134 ./Core/Src/main.o
 .debug_macro   0x000000000002354b      0x130 ./Core/Src/main.o
 .debug_macro   0x000000000002367b       0x61 ./Core/Src/main.o
 .debug_macro   0x00000000000236dc       0x2a ./Core/Src/main.o
 .debug_macro   0x0000000000023706       0x43 ./Core/Src/main.o
 .debug_macro   0x0000000000023749       0x34 ./Core/Src/main.o
 .debug_macro   0x000000000002377d       0x16 ./Core/Src/main.o
 .debug_macro   0x0000000000023793       0x43 ./Core/Src/main.o
 .debug_macro   0x00000000000237d6       0x34 ./Core/Src/main.o
 .debug_macro   0x000000000002380a       0x10 ./Core/Src/main.o
 .debug_macro   0x000000000002381a       0x58 ./Core/Src/main.o
 .debug_macro   0x0000000000023872       0x8e ./Core/Src/main.o
 .debug_macro   0x0000000000023900       0x1c ./Core/Src/main.o
 .debug_macro   0x000000000002391c      0x177 ./Core/Src/main.o
 .debug_macro   0x0000000000023a93      0x369 ./Core/Src/main.o
 .debug_macro   0x0000000000023dfc       0x10 ./Core/Src/main.o
 .debug_macro   0x0000000000023e0c       0x35 ./Core/Src/main.o
 .debug_macro   0x0000000000023e41       0x20 ./Core/Src/main.o
 .debug_macro   0x0000000000023e61      0x21f ./Core/Src/stm32f4xx_hal_msp.o
 .debug_macro   0x0000000000024080      0x229 ./Core/Src/stm32f4xx_it.o
 .debug_macro   0x00000000000242a9      0x210 ./Core/Src/system_stm32f4xx.o
 .debug_macro   0x00000000000244b9      0x270 ./Drivers/STM32F4xx_HAL_Driver/Src/stm32f4xx_hal.o
 .debug_macro   0x0000000000024729      0x211 ./Drivers/STM32F4xx_HAL_Driver/Src/stm32f4xx_hal_adc.o
 .debug_macro   0x000000000002493a      0x210 ./Drivers/STM32F4xx_HAL_Driver/Src/stm32f4xx_hal_cortex.o
 .debug_macro   0x0000000000024b4a      0x2ea ./Drivers/STM32F4xx_HAL_Driver/Src/stm32f4xx_hal_eth.o
 .debug_macro   0x0000000000024e34      0x216 ./Drivers/STM32F4xx_HAL_Driver/Src/stm32f4xx_hal_gpio.o
 .debug_macro   0x000000000002504a      0x21c ./Drivers/STM32F4xx_HAL_Driver/Src/stm32f4xx_hal_pcd.o
 .debug_macro   0x0000000000025266      0x234 ./Drivers/STM32F4xx_HAL_Driver/Src/stm32f4xx_hal_rcc.o
 .debug_macro   0x000000000002549a      0x211 ./Drivers/STM32F4xx_HAL_Driver/Src/stm32f4xx_hal_uart.o
 .debug_macro   0x00000000000256ab      0x210 ./Drivers/STM32F4xx_HAL_Driver/Src/stm32f4xx_ll_usb.o

.debug_line     0x0000000000000000     0xe0ef
 .debug_line    0x0000000000000000      0xb54 ./Core/Src/main.o
 .debug_line    0x0000000000000b54      0x93a ./Core/Src/stm32f4xx_hal_msp.o
 .debug_line    0x000000000000148e      0x885 ./Core/Src/stm32f4xx_it.o
 .debug_line    0x0000000000001d13      0x844 ./Core/Src/system_stm32f4xx.o
 .debug_line    0x0000000000002557       0x7a ./Core/Startup/startup_stm32f439zitx.o
 .debug_line    0x00000000000025d1      0xae0 ./Drivers/STM32F4xx_HAL_Driver/Src/stm32f4xx_hal.o
 .debug_line    0x00000000000030b1     0x1330 ./Drivers/STM32F4xx_HAL_Driver/Src/stm32f4xx_hal_adc.o
 .debug_line    0x00000000000043e1      0xd76 ./Drivers/STM32F4xx_HAL_Driver/Src/stm32f4xx_hal_cortex.o
 .debug_line    0x0000000000005157     0x1a1f ./Drivers/STM32F4xx_HAL_Driver/Src/stm32f4xx_hal_eth.o
 .debug_line    0x0000000000006b76      0xc46 ./Drivers/STM32F4xx_HAL_Driver/Src/stm32f4xx_hal_gpio.o
 .debug_line    0x00000000000077bc     0x1538 ./Drivers/STM32F4xx_HAL_Driver/Src/stm32f4xx_hal_pcd.o
 .debug_line    0x0000000000008cf4      0xe23 ./Drivers/STM32F4xx_HAL_Driver/Src/stm32f4xx_hal_rcc.o
 .debug_line    0x0000000000009b17     0x2967 ./Drivers/STM32F4xx_HAL_Driver/Src/stm32f4xx_hal_uart.o
 .debug_line    0x000000000000c47e     0x1c71 ./Drivers/STM32F4xx_HAL_Driver/Src/stm32f4xx_ll_usb.o

.debug_str      0x0000000000000000    0xe897b
 .debug_str     0x0000000000000000    0xe4d81 ./Core/Src/main.o
                                      0xe5151 (size before relaxing)
 .debug_str     0x00000000000e4d81       0xd6 ./Core/Src/stm32f4xx_hal_msp.o
                                      0xe1c3d (size before relaxing)
 .debug_str     0x00000000000e4e57       0xc9 ./Core/Src/stm32f4xx_it.o
                                      0xe0bfd (size before relaxing)
 .debug_str     0x00000000000e4f20       0xdb ./Core/Src/system_stm32f4xx.o
                                      0xe0879 (size before relaxing)
 .debug_str     0x00000000000e4ffb       0x34 ./Core/Startup/startup_stm32f439zitx.o
                                         0x66 (size before relaxing)
 .debug_str     0x00000000000e502f      0xbba ./Drivers/STM32F4xx_HAL_Driver/Src/stm32f4xx_hal.o
                                      0xe14a6 (size before relaxing)
 .debug_str     0x00000000000e5be9      0x27a ./Drivers/STM32F4xx_HAL_Driver/Src/stm32f4xx_hal_adc.o
                                      0xe0e53 (size before relaxing)
 .debug_str     0x00000000000e5e63      0x355 ./Drivers/STM32F4xx_HAL_Driver/Src/stm32f4xx_hal_cortex.o
                                      0xe11a2 (size before relaxing)
 .debug_str     0x00000000000e61b8     0x11e2 ./Drivers/STM32F4xx_HAL_Driver/Src/stm32f4xx_hal_eth.o
                                      0xe2110 (size before relaxing)
 .debug_str     0x00000000000e739a       0xe1 ./Drivers/STM32F4xx_HAL_Driver/Src/stm32f4xx_hal_gpio.o
                                      0xe09f4 (size before relaxing)
 .debug_str     0x00000000000e747b      0x7fc ./Drivers/STM32F4xx_HAL_Driver/Src/stm32f4xx_hal_pcd.o
                                      0xe1344 (size before relaxing)
 .debug_str     0x00000000000e7c77      0x21f ./Drivers/STM32F4xx_HAL_Driver/Src/stm32f4xx_hal_rcc.o
                                      0xe0cad (size before relaxing)
 .debug_str     0x00000000000e7e96      0x63a ./Drivers/STM32F4xx_HAL_Driver/Src/stm32f4xx_hal_uart.o
                                      0xe127b (size before relaxing)
 .debug_str     0x00000000000e84d0      0x4ab ./Drivers/STM32F4xx_HAL_Driver/Src/stm32f4xx_ll_usb.o
                                      0xe121f (size before relaxing)

.debug_frame    0x0000000000000000     0x34b0
 .debug_frame   0x0000000000000000      0x124 ./Core/Src/main.o
 .debug_frame   0x0000000000000124      0x158 ./Core/Src/stm32f4xx_hal_msp.o
 .debug_frame   0x000000000000027c      0x104 ./Core/Src/stm32f4xx_it.o
 .debug_frame   0x0000000000000380       0x58 ./Core/Src/system_stm32f4xx.o
 .debug_frame   0x00000000000003d8      0x3b4 ./Drivers/STM32F4xx_HAL_Driver/Src/stm32f4xx_hal.o
 .debug_frame   0x000000000000078c      0x3fc ./Drivers/STM32F4xx_HAL_Driver/Src/stm32f4xx_hal_adc.o
 .debug_frame   0x0000000000000b88      0x4b8 ./Drivers/STM32F4xx_HAL_Driver/Src/stm32f4xx_hal_cortex.o
 .debug_frame   0x0000000000001040      0x898 ./Drivers/STM32F4xx_HAL_Driver/Src/stm32f4xx_hal_eth.o
 .debug_frame   0x00000000000018d8      0x14c ./Drivers/STM32F4xx_HAL_Driver/Src/stm32f4xx_hal_gpio.o
 .debug_frame   0x0000000000001a24      0x5b8 ./Drivers/STM32F4xx_HAL_Driver/Src/stm32f4xx_hal_pcd.o
 .debug_frame   0x0000000000001fdc      0x1f4 ./Drivers/STM32F4xx_HAL_Driver/Src/stm32f4xx_hal_rcc.o
 .debug_frame   0x00000000000021d0      0x954 ./Drivers/STM32F4xx_HAL_Driver/Src/stm32f4xx_hal_uart.o
 .debug_frame   0x0000000000002b24      0x7c0 ./Drivers/STM32F4xx_HAL_Driver/Src/stm32f4xx_ll_usb.o
 .debug_frame   0x00000000000032e4       0x20 C:/ST/STM32CubeIDE_1.14.0/STM32CubeIDE/plugins/com.st.stm32cube.ide.mcu.externaltools.gnu-tools-for-stm32.11.3.rel1.win32_1.1.100.202309141235/tools/bin/../lib/gcc/arm-none-eabi/11.3.1/../../../../arm-none-eabi/lib/thumb/v7e-m+fp/hard\libc_nano.a(libc_a-memset.o)
 .debug_frame   0x0000000000003304       0x2c C:/ST/STM32CubeIDE_1.14.0/STM32CubeIDE/plugins/com.st.stm32cube.ide.mcu.externaltools.gnu-tools-for-stm32.11.3.rel1.win32_1.1.100.202309141235/tools/bin/../lib/gcc/arm-none-eabi/11.3.1/../../../../arm-none-eabi/lib/thumb/v7e-m+fp/hard\libc_nano.a(libc_a-init.o)
 .debug_frame   0x0000000000003330       0xac C:/ST/STM32CubeIDE_1.14.0/STM32CubeIDE/plugins/com.st.stm32cube.ide.mcu.externaltools.gnu-tools-for-stm32.11.3.rel1.win32_1.1.100.202309141235/tools/bin/../lib/gcc/arm-none-eabi/11.3.1/thumb/v7e-m+fp/hard\libgcc.a(_arm_addsubdf3.o)
 .debug_frame   0x00000000000033dc       0x50 C:/ST/STM32CubeIDE_1.14.0/STM32CubeIDE/plugins/com.st.stm32cube.ide.mcu.externaltools.gnu-tools-for-stm32.11.3.rel1.win32_1.1.100.202309141235/tools/bin/../lib/gcc/arm-none-eabi/11.3.1/thumb/v7e-m+fp/hard\libgcc.a(_arm_muldivdf3.o)
 .debug_frame   0x000000000000342c       0x24 C:/ST/STM32CubeIDE_1.14.0/STM32CubeIDE/plugins/com.st.stm32cube.ide.mcu.externaltools.gnu-tools-for-stm32.11.3.rel1.win32_1.1.100.202309141235/tools/bin/../lib/gcc/arm-none-eabi/11.3.1/thumb/v7e-m+fp/hard\libgcc.a(_arm_truncdfsf2.o)
 .debug_frame   0x0000000000003450       0x2c C:/ST/STM32CubeIDE_1.14.0/STM32CubeIDE/plugins/com.st.stm32cube.ide.mcu.externaltools.gnu-tools-for-stm32.11.3.rel1.win32_1.1.100.202309141235/tools/bin/../lib/gcc/arm-none-eabi/11.3.1/thumb/v7e-m+fp/hard\libgcc.a(_aeabi_uldivmod.o)
 .debug_frame   0x000000000000347c       0x34 C:/ST/STM32CubeIDE_1.14.0/STM32CubeIDE/plugins/com.st.stm32cube.ide.mcu.externaltools.gnu-tools-for-stm32.11.3.rel1.win32_1.1.100.202309141235/tools/bin/../lib/gcc/arm-none-eabi/11.3.1/thumb/v7e-m+fp/hard\libgcc.a(_udivmoddi4.o)

.debug_line_str
                0x0000000000000000       0x5a
 .debug_line_str
                0x0000000000000000       0x5a ./Core/Startup/startup_stm32f439zitx.o
                                         0x72 (size before relaxing)
